// Jest Snapshot v1, https://goo.gl/fbAQLP

exports[`ContentFolder: Test blog/page-1 Check contentPlugin render 1`] = `
<html>
  <head>
  </head>
  <body>
    <h1>
      Scully could not find the &lt;.scully-content&gt;. tag in this page.
    </h1>
    <p>
      This error can happen when you forgot to put the  mandatory "scully-content" in the component that is rendering this page?
    </p>
    <p>
      Or when the tag is not shown on page load. Did you put it inside an \`*ngIf\`?
    </p>
  </body>
</html>
`;

exports[`Static: Test blog index Check clean blog index by scully 1`] = `
<!DOCTYPE html>
<html lang="en">
  <head>
    <meta name="generator">
    <meta charset="utf-8">
    <title>
      sample-blog
    </title>
    <base href="/">
    <meta name="viewport"
          content="width=device-width, initial-scale=1"
    >
    <link rel="icon"
          type="image/x-icon"
          href="favicon.ico"
    >
    <link rel="stylesheet"
          href="//cdnjs.cloudflare.com/ajax/libs/highlight.js/9.18.1/styles/default.min.css"
    >
    <link rel="stylesheet"
          href="styles.css"
    >
  </head>
  <body>
    <app-root class="foo">
    </app-root>
  </body>
</html>
`;
