// Jest Snapshot v1, https://goo.gl/fbAQLP

exports[`customText plugin Check content generated form function 1`] = `
<h1>
  Scully could not find the &lt.scully-content&gt. tag in this page.
</h1>
<p>
  This error can happen when you forgot to put the  mandatory "scully-content" in the component that is rendering this page?
</p>
<p>
  Or when the tag is not shown on page load. Did you put it inside an \`*ngIf\`?
</p>
`;

exports[`customText plugin Check contentPlugin render 1`] = `
<h1>
  Scully could not find the &lt.scully-content&gt. tag in this page.
</h1>
<p>
  This error can happen when you forgot to put the  mandatory "scully-content" in the component that is rendering this page?
</p>
<p>
  Or when the tag is not shown on page load. Did you put it inside an \`*ngIf\`?
</p>
`;
