// Jest Snapshot v1, https://goo.gl/fbAQLP

exports[`JsonPlugin: test user List Check clean blog index by scully 1`] = `
<!DOCTYPE html>
<html lang="en">
  <head>
    <meta name="generator">
    <meta charset="utf-8">
    <title>
      sample-blog
    </title>
    <base href="/">
    <meta name="viewport"
          content="width=device-width, initial-scale=1"
    >
    <link rel="icon"
          type="image/x-icon"
          href="favicon.ico"
    >
    <link rel="stylesheet"
          href="//cdnjs.cloudflare.com/ajax/libs/highlight.js/9.18.1/styles/default.min.css"
    >
    <style>
      /* You can add global styles to this file, and also import other style files */

*,
*::before,
*::after {
  box-sizing: border-box;
  margin: 0;
  padding: 0;
}

@charset "UTF-8";

.tabs label,
.text-center {
  text-align: center;
}

@font-face {
  font-family: 'Gentium Book Basic';
  font-style: normal;
  font-weight: 400;
  src: local('Gentium Book Basic'), local('GentiumBookBasic'),
    url(https://fonts.gstatic.com/s/gentiumbookbasic/v10/pe0zMJCbPYBVokB1LHA9bbyaQb8ZGjc4ULF_.ttf)
      format('truetype');
}

@font-face {
  font-family: 'Gentium Book Basic';
  font-style: normal;
  font-weight: 700;
  src: local('Gentium Book Basic Bold'), local('GentiumBookBasic-Bold'),
    url(https://fonts.gstatic.com/s/gentiumbookbasic/v10/pe0wMJCbPYBVokB1LHA9bbyaQb8ZGjcw65RvzIfc.ttf)
      format('truetype');
}

@font-face {
  font-family: Roboto;
  font-style: normal;
  font-weight: 300;
  src: local('Roboto Light'), local('Roboto-Light'),
    url(https://fonts.gstatic.com/s/roboto/v20/KFOlCnqEu92Fr1MmSU5fBBc9.ttf)
      format('truetype');
}

@font-face {
  font-family: Roboto;
  font-style: normal;
  font-weight: 400;
  src: local('Roboto'), local('Roboto-Regular'),
    url(https://fonts.gstatic.com/s/roboto/v20/KFOmCnqEu92Fr1Mu4mxP.ttf)
      format('truetype');
}

@font-face {
  font-family: Roboto;
  font-style: normal;
  font-weight: 500;
  src: local('Roboto Medium'), local('Roboto-Medium'),
    url(https://fonts.gstatic.com/s/roboto/v20/KFOlCnqEu92Fr1MmEU9fBBc9.ttf)
      format('truetype');
}

@font-face {
  font-family: Roboto;
  font-style: normal;
  font-weight: 700;
  src: local('Roboto Bold'), local('Roboto-Bold'),
    url(https://fonts.gstatic.com/s/roboto/v20/KFOlCnqEu92Fr1MmWUlfBBc9.ttf)
      format('truetype');
}

a,
aside,
body,
div,
h1,
h2,
h3,
h4,
h5,
h6,
header,
input,
label,
menu,
p {
  font-family: Roboto, sans-serif;
}

h1,
h2,
h3,
h4,
h5,
h6 {
  margin-bottom: 0.8em;
  line-height: 130%;
}

p {
  margin-bottom: 20px;
}

h1 {
  font-size: 40px;
}

h2 {
  font-size: 34px;
}

h3 {
  font-size: 28px;
}

h4 {
  font-size: 24.8px;
}

h5 {
  font-size: 20.8px;
}

h6 {
  font-size: 18px;
}

a,
p {
  font-size: 16px;
}
    </style>
    <style>
      [] {
  display: grid;
  height: 100vh;
  grid-template-rows: 60px 1fr 60px;
}

[]    > header[] {
  display: grid;
  background-color: royalblue;
  color: whitesmoke;
  margin: 0;
  padding: 0px 10px;
  grid-template-columns: 1fr 40px;
  place-items: center center;
}

header[]   h1[], footer[]   h3[] {
  margin: 0;
}

[]    > footer[] {
  display: grid;
  background-color: royalblue;
  color: whitesmoke;
  margin: 0;
  padding-right: 10px;
  justify-content: right;
  align-content: center;
}

main[] {
  background-color: whitesmoke;
  color: rgb(4, 12, 36);
  padding: 10px;
}
    </style>
    <script charset="utf-8"
            src="user-user-module-es2015.js"
    >
    </script>
    <script charset="utf-8"
            src="pagenotfound-pagenotfound-module-es2015.js"
    >
    </script>
    <style>
    </style>
    <script>
      window['ScullyIO']='generated';
    </script>
  </head>
  <body>
    <app-root class="foo"
              =""
    >
      Scully demo blog app!
      <small ="">
        rendering inside scully
      </small>
      <a =""
         ng-reflect-router-link="/home"
         href="/home/"
      >
        🏠
      </a>
      <main ="">
        <router-outlet ="">
        </router-outlet>
        <app-users ="">
          <h1 ="">
            Users
          </h1>
          <section ="">
            <table ="">
              <thead ="">
                <tr>
                  <th ="">
                    Id
                  </th>
                  <th ="">
                    Username
                  </th>
                </tr>
              </thead>
              <tbody ="">
              </tbody>
            </table>
          </section>
        </app-users>
      </main>
      <footer ="">
        <h3 ="">
          Made with ❤️
          <strong ="">
            @HeroDevs
          </strong>
        </h3>
      </footer>
    </app-root>
    <script id="ScullyIO-transfer-state">
      window['ScullyIO-transfer-state']=/** ___SCULLY_STATE_START___ */{"users":[]}/** ___SCULLY_STATE_END___ */
    </script>
    <script src="runtime-es2015.js"
            type="module"
    >
    </script>
    <script src="runtime-es5.js"
            nomodule
            defer
    >
    </script>
    <script src="polyfills-es5.js"
            nomodule
            defer
    >
    </script>
    <script src="polyfills-es2015.js"
            type="module"
    >
    </script>
    <script src="styles-es2015.js"
            type="module"
    >
    </script>
    <script src="styles-es5.js"
            nomodule
            defer
    >
    </script>
    <script src="vendor-es2015.js"
            type="module"
    >
    </script>
    <script src="vendor-es5.js"
            nomodule
            defer
    >
    </script>
    <script src="main-es2015.js"
            type="module"
    >
    </script>
    <script src="main-es5.js"
            nomodule
            defer
    >
    </script>
  </body>
</html>
`;
